#! /c/Source/iverilog-install/bin/vvp
:ivl_version "12.0 (devel)" "(s20150603-1539-g2693dd32b)";
:ivl_delay_selection "TYPICAL";
:vpi_time_precision - 12;
:vpi_module "C:\iverilog\lib\ivl\system.vpi";
:vpi_module "C:\iverilog\lib\ivl\vhdl_sys.vpi";
:vpi_module "C:\iverilog\lib\ivl\vhdl_textio.vpi";
:vpi_module "C:\iverilog\lib\ivl\v2005_math.vpi";
:vpi_module "C:\iverilog\lib\ivl\va_math.vpi";
S_000001b10b67c0f0 .scope module, "TB_riscTop" "TB_riscTop" 2 3;
 .timescale -12 -12;
v000001b10b6d9220_0 .var "clk", 0 0;
v000001b10b6d9f40_0 .var "reset", 0 0;
S_000001b10b67e600 .scope module, "dut" "riscTop" 2 7, 3 1 0, S_000001b10b67c0f0;
 .timescale -12 -12;
    .port_info 0 /INPUT 1 "clk";
    .port_info 1 /INPUT 1 "reset";
v000001b10b6d9900_0 .net "ALUOp", 1 0, v000001b10b6d5260_0;  1 drivers
v000001b10b6da620_0 .net "ALUResult", 31 0, v000001b10b67a9e0_0;  1 drivers
v000001b10b6d92c0_0 .net "ALUSrc", 0 0, v000001b10b6d5e40_0;  1 drivers
v000001b10b6da440_0 .net "Branch", 0 0, v000001b10b6d59e0_0;  1 drivers
v000001b10b6da1c0_0 .net "MemRead", 0 0, v000001b10b6d5f80_0;  1 drivers
v000001b10b6d8be0_0 .net "MemWrite", 0 0, v000001b10b6d6020_0;  1 drivers
v000001b10b6da760_0 .net "MemtoReg", 0 0, v000001b10b6d5120_0;  1 drivers
v000001b10b6d9c20_0 .net "PcNxt", 31 0, v000001b10b6d5ee0_0;  1 drivers
v000001b10b6d9680_0 .net "RegWrite", 0 0, v000001b10b6d5a80_0;  1 drivers
v000001b10b6d9a40_0 .net "WriteData", 31 0, L_000001b10b6d8aa0;  1 drivers
v000001b10b6d9400_0 .net "branchTarget", 31 0, L_000001b10b6d95e0;  1 drivers
v000001b10b6da080_0 .net "clk", 0 0, v000001b10b6d9220_0;  1 drivers
v000001b10b6d8dc0_0 .net "funct3", 2 0, v000001b10b6d56c0_0;  1 drivers
v000001b10b6d8f00_0 .net "funct7", 0 0, v000001b10b6d5300_0;  1 drivers
v000001b10b6d8e60_0 .net "immediate", 31 0, v000001b10b6d58a0_0;  1 drivers
v000001b10b6d9ae0_0 .net "instruction", 31 0, v000001b10b6d54e0_0;  1 drivers
v000001b10b6d9180_0 .net "opcode", 6 0, v000001b10b6d5bc0_0;  1 drivers
v000001b10b6d9cc0_0 .net "r1_addr", 4 0, v000001b10b6d5800_0;  1 drivers
v000001b10b6d8fa0_0 .net "r2_addr", 4 0, v000001b10b6d5b20_0;  1 drivers
v000001b10b6d8a00_0 .net "rd_addr", 4 0, v000001b10b6d5760_0;  1 drivers
v000001b10b6da800_0 .net "read_data", 31 0, L_000001b10b6d9ea0;  1 drivers
v000001b10b6d90e0_0 .net "reset", 0 0, v000001b10b6d9f40_0;  1 drivers
v000001b10b6d9d60_0 .net "rs1_Value", 31 0, v000001b10b6da3a0_0;  1 drivers
v000001b10b6d9540_0 .net "rs2_Value", 31 0, v000001b10b6da580_0;  1 drivers
v000001b10b6d9fe0_0 .net "sel", 3 0, v000001b10b67abc0_0;  1 drivers
v000001b10b6d9e00_0 .net "zeroflag", 0 0, v000001b10b67ab20_0;  1 drivers
L_000001b10b6d95e0 .arith/sum 32, v000001b10b6d5ee0_0, v000001b10b6d58a0_0;
L_000001b10b6d8aa0 .functor MUXZ 32, v000001b10b67a9e0_0, L_000001b10b6d9ea0, v000001b10b6d5120_0, C4<>;
S_000001b10b67eaa0 .scope module, "ALUInst" "alu" 3 78, 4 1 0, S_000001b10b67e600;
 .timescale -12 -12;
    .port_info 0 /INPUT 32 "rs1_Value";
    .port_info 1 /INPUT 32 "rs2_Value";
    .port_info 2 /INPUT 32 "immediate";
    .port_info 3 /INPUT 4 "sel";
    .port_info 4 /INPUT 1 "AluSrc";
    .port_info 5 /OUTPUT 1 "zeroflag";
    .port_info 6 /OUTPUT 32 "aluResult";
L_000001b10b6f0088 .functor BUFT 1, C4<0>, C4<0>, C4<0>, C4<0>;
L_000001b10b674500 .functor XNOR 1, v000001b10b6d5e40_0, L_000001b10b6f0088, C4<0>, C4<0>;
v000001b10b67ac60_0 .net "AluSrc", 0 0, v000001b10b6d5e40_0;  alias, 1 drivers
v000001b10b67a4e0_0 .net/2u *"_ivl_0", 0 0, L_000001b10b6f0088;  1 drivers
v000001b10b67ad00_0 .net *"_ivl_2", 0 0, L_000001b10b674500;  1 drivers
v000001b10b67a9e0_0 .var "aluResult", 31 0;
v000001b10b67a580_0 .net "b", 31 0, L_000001b10b6d9860;  1 drivers
v000001b10b67a3a0_0 .net "immediate", 31 0, v000001b10b6d58a0_0;  alias, 1 drivers
v000001b10b67ada0_0 .net "rs1_Value", 31 0, v000001b10b6da3a0_0;  alias, 1 drivers
v000001b10b67af80_0 .net "rs2_Value", 31 0, v000001b10b6da580_0;  alias, 1 drivers
v000001b10b67a620_0 .net "sel", 3 0, v000001b10b67abc0_0;  alias, 1 drivers
v000001b10b67ab20_0 .var "zeroflag", 0 0;
E_000001b10b672650 .event anyedge, v000001b10b67a620_0, v000001b10b67ada0_0, v000001b10b67a580_0, v000001b10b67a9e0_0;
L_000001b10b6d9860 .functor MUXZ 32, v000001b10b6d58a0_0, v000001b10b6da580_0, L_000001b10b674500, C4<>;
S_000001b10b63f8c0 .scope module, "AluControlInst" "AluControl" 3 89, 5 1 0, S_000001b10b67e600;
 .timescale -12 -12;
    .port_info 0 /INPUT 2 "ALUOp";
    .port_info 1 /INPUT 3 "funct3";
    .port_info 2 /INPUT 1 "funct7";
    .port_info 3 /OUTPUT 4 "sel";
v000001b10b67a260_0 .net "ALUOp", 1 0, v000001b10b6d5260_0;  alias, 1 drivers
v000001b10b67a440_0 .net "funct3", 2 0, v000001b10b6d56c0_0;  alias, 1 drivers
v000001b10b67a6c0_0 .net "funct7", 0 0, v000001b10b6d5300_0;  alias, 1 drivers
v000001b10b67abc0_0 .var "sel", 3 0;
E_000001b10b672d90 .event anyedge, v000001b10b67a260_0, v000001b10b67a440_0, v000001b10b67a6c0_0;
S_000001b10b63fa50 .scope module, "DataMemoInst" "DataMemo" 3 108, 6 1 0, S_000001b10b67e600;
 .timescale -12 -12;
    .port_info 0 /INPUT 1 "clk";
    .port_info 1 /INPUT 1 "mem_read";
    .port_info 2 /INPUT 1 "mem_write";
    .port_info 3 /INPUT 32 "address";
    .port_info 4 /INPUT 32 "write_data";
    .port_info 5 /OUTPUT 32 "read_data";
v000001b10b67b020_0 .net *"_ivl_0", 31 0, L_000001b10b6d9720;  1 drivers
v000001b10b67a760_0 .net *"_ivl_3", 9 0, L_000001b10b6d97c0;  1 drivers
v000001b10b67a1c0_0 .net *"_ivl_4", 11 0, L_000001b10b6da120;  1 drivers
L_000001b10b6f00d0 .functor BUFT 1, C4<00>, C4<0>, C4<0>, C4<0>;
v000001b10b67a120_0 .net *"_ivl_7", 1 0, L_000001b10b6f00d0;  1 drivers
L_000001b10b6f0118 .functor BUFT 1, C4<00000000000000000000000000000000>, C4<0>, C4<0>, C4<0>;
v000001b10b67ae40_0 .net/2u *"_ivl_8", 31 0, L_000001b10b6f0118;  1 drivers
v000001b10b67a300_0 .net "address", 31 0, v000001b10b67a9e0_0;  alias, 1 drivers
v000001b10b67aee0_0 .net "clk", 0 0, v000001b10b6d9220_0;  alias, 1 drivers
v000001b10b67a800 .array "mem", 1023 0, 31 0;
v000001b10b67a8a0_0 .net "mem_read", 0 0, v000001b10b6d5f80_0;  alias, 1 drivers
v000001b10b67a940_0 .net "mem_write", 0 0, v000001b10b6d6020_0;  alias, 1 drivers
v000001b10b6d5580_0 .net "read_data", 31 0, L_000001b10b6d9ea0;  alias, 1 drivers
v000001b10b6d5620_0 .net "write_data", 31 0, v000001b10b6da580_0;  alias, 1 drivers
E_000001b10b66f990 .event posedge, v000001b10b67aee0_0;
L_000001b10b6d9720 .array/port v000001b10b67a800, L_000001b10b6da120;
L_000001b10b6d97c0 .part v000001b10b67a9e0_0, 2, 10;
L_000001b10b6da120 .concat [ 10 2 0 0], L_000001b10b6d97c0, L_000001b10b6f00d0;
L_000001b10b6d9ea0 .functor MUXZ 32, L_000001b10b6f0118, L_000001b10b6d9720, v000001b10b6d5f80_0, C4<>;
S_000001b10b637f90 .scope module, "DecoderInst" "decoder" 3 59, 7 1 0, S_000001b10b67e600;
 .timescale -12 -12;
    .port_info 0 /INPUT 32 "instruction";
    .port_info 1 /OUTPUT 7 "opcode";
    .port_info 2 /OUTPUT 5 "rd_addr";
    .port_info 3 /OUTPUT 3 "funct3";
    .port_info 4 /OUTPUT 5 "rs1_addr";
    .port_info 5 /OUTPUT 5 "rs2_addr";
    .port_info 6 /OUTPUT 1 "funct7";
    .port_info 7 /OUTPUT 1 "RegWrite";
    .port_info 8 /OUTPUT 1 "MemRead";
    .port_info 9 /OUTPUT 1 "MemWrite";
    .port_info 10 /OUTPUT 1 "MemtoReg";
    .port_info 11 /OUTPUT 1 "ALUSrc";
    .port_info 12 /OUTPUT 1 "Branch";
    .port_info 13 /OUTPUT 2 "ALUOp";
v000001b10b6d5260_0 .var "ALUOp", 1 0;
v000001b10b6d5e40_0 .var "ALUSrc", 0 0;
v000001b10b6d59e0_0 .var "Branch", 0 0;
v000001b10b6d5f80_0 .var "MemRead", 0 0;
v000001b10b6d6020_0 .var "MemWrite", 0 0;
v000001b10b6d5120_0 .var "MemtoReg", 0 0;
v000001b10b6d5a80_0 .var "RegWrite", 0 0;
v000001b10b6d56c0_0 .var "funct3", 2 0;
v000001b10b6d5300_0 .var "funct7", 0 0;
v000001b10b6d51c0_0 .net "instruction", 31 0, v000001b10b6d54e0_0;  alias, 1 drivers
v000001b10b6d5bc0_0 .var "opcode", 6 0;
v000001b10b6d5760_0 .var "rd_addr", 4 0;
v000001b10b6d5800_0 .var "rs1_addr", 4 0;
v000001b10b6d5b20_0 .var "rs2_addr", 4 0;
E_000001b10b66ff50 .event anyedge, v000001b10b6d51c0_0, v000001b10b6d5bc0_0;
S_000001b10b638120 .scope module, "ImmediateGenInst" "immediateGen" 3 54, 8 1 0, S_000001b10b67e600;
 .timescale -12 -12;
    .port_info 0 /INPUT 32 "instruction";
    .port_info 1 /OUTPUT 32 "immediate";
v000001b10b6d58a0_0 .var "immediate", 31 0;
v000001b10b6d53a0_0 .net "instruction", 31 0, v000001b10b6d54e0_0;  alias, 1 drivers
E_000001b10b66fd10 .event anyedge, v000001b10b6d51c0_0;
S_000001b10b63a590 .scope module, "InstructionMemoryInst" "instructionMemory" 3 49, 9 1 0, S_000001b10b67e600;
 .timescale -12 -12;
    .port_info 0 /INPUT 32 "add";
    .port_info 1 /OUTPUT 32 "instruction";
v000001b10b6d5440_0 .net "add", 31 0, v000001b10b6d5ee0_0;  alias, 1 drivers
v000001b10b6d54e0_0 .var "instruction", 31 0;
E_000001b10b66f090 .event anyedge, v000001b10b6d5440_0;
S_000001b10b63a720 .scope module, "PC" "pc_counter" 3 39, 10 1 0, S_000001b10b67e600;
 .timescale -12 -12;
    .port_info 0 /INPUT 32 "PcIn";
    .port_info 1 /INPUT 1 "clk";
    .port_info 2 /INPUT 1 "zeroflag";
    .port_info 3 /INPUT 1 "Branch";
    .port_info 4 /INPUT 32 "branchTarget";
    .port_info 5 /INPUT 1 "reset";
    .port_info 6 /OUTPUT 32 "PcNxt";
v000001b10b6d5da0_0 .net "Branch", 0 0, v000001b10b6d59e0_0;  alias, 1 drivers
v000001b10b6d5940_0 .net "PcIn", 31 0, v000001b10b6d5ee0_0;  alias, 1 drivers
v000001b10b6d5ee0_0 .var "PcNxt", 31 0;
v000001b10b6d5c60_0 .net "branchTarget", 31 0, L_000001b10b6d95e0;  alias, 1 drivers
v000001b10b6d5d00_0 .net "clk", 0 0, v000001b10b6d9220_0;  alias, 1 drivers
v000001b10b6d8c80_0 .net "reset", 0 0, v000001b10b6d9f40_0;  alias, 1 drivers
v000001b10b6d94a0_0 .net "zeroflag", 0 0, v000001b10b67ab20_0;  alias, 1 drivers
S_000001b10b6673a0 .scope module, "registerFileInst" "registerFile" 3 96, 11 1 0, S_000001b10b67e600;
 .timescale -12 -12;
    .port_info 0 /INPUT 5 "rs1_addr";
    .port_info 1 /INPUT 5 "rs2_addr";
    .port_info 2 /INPUT 5 "rd_addr";
    .port_info 3 /INPUT 1 "clk";
    .port_info 4 /INPUT 32 "WriteData";
    .port_info 5 /INPUT 1 "RegWrite";
    .port_info 6 /OUTPUT 32 "ReadData1";
    .port_info 7 /OUTPUT 32 "ReadData2";
v000001b10b6da3a0_0 .var "ReadData1", 31 0;
v000001b10b6da580_0 .var "ReadData2", 31 0;
v000001b10b6d9b80_0 .net "RegWrite", 0 0, v000001b10b6d5a80_0;  alias, 1 drivers
v000001b10b6da6c0_0 .net "WriteData", 31 0, L_000001b10b6d8aa0;  alias, 1 drivers
v000001b10b6d8d20_0 .net "clk", 0 0, v000001b10b6d9220_0;  alias, 1 drivers
v000001b10b6d8960_0 .var/i "i", 31 0;
v000001b10b6d99a0_0 .net "rd_addr", 4 0, v000001b10b6d5760_0;  alias, 1 drivers
v000001b10b6d9360 .array "registers", 31 0, 31 0;
v000001b10b6d8b40_0 .net "rs1_addr", 4 0, v000001b10b6d5800_0;  alias, 1 drivers
v000001b10b6d9040_0 .net "rs2_addr", 4 0, v000001b10b6d5b20_0;  alias, 1 drivers
v000001b10b6d9360_0 .array/port v000001b10b6d9360, 0;
v000001b10b6d9360_1 .array/port v000001b10b6d9360, 1;
v000001b10b6d9360_2 .array/port v000001b10b6d9360, 2;
E_000001b10b66f5d0/0 .event anyedge, v000001b10b6d5800_0, v000001b10b6d9360_0, v000001b10b6d9360_1, v000001b10b6d9360_2;
v000001b10b6d9360_3 .array/port v000001b10b6d9360, 3;
v000001b10b6d9360_4 .array/port v000001b10b6d9360, 4;
v000001b10b6d9360_5 .array/port v000001b10b6d9360, 5;
v000001b10b6d9360_6 .array/port v000001b10b6d9360, 6;
E_000001b10b66f5d0/1 .event anyedge, v000001b10b6d9360_3, v000001b10b6d9360_4, v000001b10b6d9360_5, v000001b10b6d9360_6;
v000001b10b6d9360_7 .array/port v000001b10b6d9360, 7;
v000001b10b6d9360_8 .array/port v000001b10b6d9360, 8;
v000001b10b6d9360_9 .array/port v000001b10b6d9360, 9;
v000001b10b6d9360_10 .array/port v000001b10b6d9360, 10;
E_000001b10b66f5d0/2 .event anyedge, v000001b10b6d9360_7, v000001b10b6d9360_8, v000001b10b6d9360_9, v000001b10b6d9360_10;
v000001b10b6d9360_11 .array/port v000001b10b6d9360, 11;
v000001b10b6d9360_12 .array/port v000001b10b6d9360, 12;
v000001b10b6d9360_13 .array/port v000001b10b6d9360, 13;
v000001b10b6d9360_14 .array/port v000001b10b6d9360, 14;
E_000001b10b66f5d0/3 .event anyedge, v000001b10b6d9360_11, v000001b10b6d9360_12, v000001b10b6d9360_13, v000001b10b6d9360_14;
v000001b10b6d9360_15 .array/port v000001b10b6d9360, 15;
v000001b10b6d9360_16 .array/port v000001b10b6d9360, 16;
v000001b10b6d9360_17 .array/port v000001b10b6d9360, 17;
v000001b10b6d9360_18 .array/port v000001b10b6d9360, 18;
E_000001b10b66f5d0/4 .event anyedge, v000001b10b6d9360_15, v000001b10b6d9360_16, v000001b10b6d9360_17, v000001b10b6d9360_18;
v000001b10b6d9360_19 .array/port v000001b10b6d9360, 19;
v000001b10b6d9360_20 .array/port v000001b10b6d9360, 20;
v000001b10b6d9360_21 .array/port v000001b10b6d9360, 21;
v000001b10b6d9360_22 .array/port v000001b10b6d9360, 22;
E_000001b10b66f5d0/5 .event anyedge, v000001b10b6d9360_19, v000001b10b6d9360_20, v000001b10b6d9360_21, v000001b10b6d9360_22;
v000001b10b6d9360_23 .array/port v000001b10b6d9360, 23;
v000001b10b6d9360_24 .array/port v000001b10b6d9360, 24;
v000001b10b6d9360_25 .array/port v000001b10b6d9360, 25;
v000001b10b6d9360_26 .array/port v000001b10b6d9360, 26;
E_000001b10b66f5d0/6 .event anyedge, v000001b10b6d9360_23, v000001b10b6d9360_24, v000001b10b6d9360_25, v000001b10b6d9360_26;
v000001b10b6d9360_27 .array/port v000001b10b6d9360, 27;
v000001b10b6d9360_28 .array/port v000001b10b6d9360, 28;
v000001b10b6d9360_29 .array/port v000001b10b6d9360, 29;
v000001b10b6d9360_30 .array/port v000001b10b6d9360, 30;
E_000001b10b66f5d0/7 .event anyedge, v000001b10b6d9360_27, v000001b10b6d9360_28, v000001b10b6d9360_29, v000001b10b6d9360_30;
v000001b10b6d9360_31 .array/port v000001b10b6d9360, 31;
E_000001b10b66f5d0/8 .event anyedge, v000001b10b6d9360_31, v000001b10b6d5b20_0;
E_000001b10b66f5d0 .event/or E_000001b10b66f5d0/0, E_000001b10b66f5d0/1, E_000001b10b66f5d0/2, E_000001b10b66f5d0/3, E_000001b10b66f5d0/4, E_000001b10b66f5d0/5, E_000001b10b66f5d0/6, E_000001b10b66f5d0/7, E_000001b10b66f5d0/8;
    .scope S_000001b10b63a720;
T_0 ;
    %wait E_000001b10b66f990;
    %load/vec4 v000001b10b6d8c80_0;
    %flag_set/vec4 8;
    %jmp/0xz  T_0.0, 8;
    %pushi/vec4 0, 0, 32;
    %assign/vec4 v000001b10b6d5ee0_0, 0;
    %jmp T_0.1;
T_0.0 ;
    %load/vec4 v000001b10b6d5da0_0;
    %flag_set/vec4 9;
    %flag_get/vec4 9;
    %jmp/0 T_0.4, 9;
    %load/vec4 v000001b10b6d94a0_0;
    %and;
T_0.4;
    %flag_set/vec4 8;
    %jmp/0xz  T_0.2, 8;
    %load/vec4 v000001b10b6d5c60_0;
    %assign/vec4 v000001b10b6d5ee0_0, 0;
    %jmp T_0.3;
T_0.2 ;
    %load/vec4 v000001b10b6d5940_0;
    %addi 4, 0, 32;
    %assign/vec4 v000001b10b6d5ee0_0, 0;
T_0.3 ;
T_0.1 ;
    %jmp T_0;
    .thread T_0;
    .scope S_000001b10b63a590;
T_1 ;
    %wait E_000001b10b66f090;
    %load/vec4 v000001b10b6d5440_0;
    %dup/vec4;
    %pushi/vec4 0, 0, 32;
    %cmp/u;
    %jmp/1 T_1.0, 6;
    %dup/vec4;
    %pushi/vec4 4, 0, 32;
    %cmp/u;
    %jmp/1 T_1.1, 6;
    %dup/vec4;
    %pushi/vec4 8, 0, 32;
    %cmp/u;
    %jmp/1 T_1.2, 6;
    %dup/vec4;
    %pushi/vec4 12, 0, 32;
    %cmp/u;
    %jmp/1 T_1.3, 6;
    %dup/vec4;
    %pushi/vec4 16, 0, 32;
    %cmp/u;
    %jmp/1 T_1.4, 6;
    %dup/vec4;
    %pushi/vec4 20, 0, 32;
    %cmp/u;
    %jmp/1 T_1.5, 6;
    %dup/vec4;
    %pushi/vec4 24, 0, 32;
    %cmp/u;
    %jmp/1 T_1.6, 6;
    %dup/vec4;
    %pushi/vec4 28, 0, 32;
    %cmp/u;
    %jmp/1 T_1.7, 6;
    %dup/vec4;
    %pushi/vec4 32, 0, 32;
    %cmp/u;
    %jmp/1 T_1.8, 6;
    %dup/vec4;
    %pushi/vec4 36, 0, 32;
    %cmp/u;
    %jmp/1 T_1.9, 6;
    %pushi/vec4 0, 0, 32;
    %store/vec4 v000001b10b6d54e0_0, 0, 32;
    %jmp T_1.11;
T_1.0 ;
    %pushi/vec4 5243027, 0, 32;
    %store/vec4 v000001b10b6d54e0_0, 0, 32;
    %jmp T_1.11;
T_1.1 ;
    %pushi/vec4 4194579, 0, 32;
    %store/vec4 v000001b10b6d54e0_0, 0, 32;
    %jmp T_1.11;
T_1.2 ;
    %pushi/vec4 2130355, 0, 32;
    %store/vec4 v000001b10b6d54e0_0, 0, 32;
    %jmp T_1.11;
T_1.3 ;
    %pushi/vec4 1075872307, 0, 32;
    %store/vec4 v000001b10b6d54e0_0, 0, 32;
    %jmp T_1.11;
T_1.4 ;
    %pushi/vec4 2159283, 0, 32;
    %store/vec4 v000001b10b6d54e0_0, 0, 32;
    %jmp T_1.11;
T_1.5 ;
    %pushi/vec4 3153955, 0, 32;
    %store/vec4 v000001b10b6d54e0_0, 0, 32;
    %jmp T_1.11;
T_1.6 ;
    %pushi/vec4 8963, 0, 32;
    %store/vec4 v000001b10b6d54e0_0, 0, 32;
    %jmp T_1.11;
T_1.7 ;
    %pushi/vec4 2131043, 0, 32;
    %store/vec4 v000001b10b6d54e0_0, 0, 32;
    %jmp T_1.11;
T_1.8 ;
    %pushi/vec4 5243155, 0, 32;
    %store/vec4 v000001b10b6d54e0_0, 0, 32;
    %jmp T_1.11;
T_1.9 ;
    %pushi/vec4 4263546595, 0, 32;
    %store/vec4 v000001b10b6d54e0_0, 0, 32;
    %jmp T_1.11;
T_1.11 ;
    %pop/vec4 1;
    %jmp T_1;
    .thread T_1, $push;
    .scope S_000001b10b638120;
T_2 ;
    %wait E_000001b10b66fd10;
    %load/vec4 v000001b10b6d53a0_0;
    %parti/s 7, 0, 2;
    %dup/vec4;
    %pushi/vec4 19, 0, 7;
    %cmp/u;
    %jmp/1 T_2.0, 6;
    %dup/vec4;
    %pushi/vec4 3, 0, 7;
    %cmp/u;
    %jmp/1 T_2.1, 6;
    %dup/vec4;
    %pushi/vec4 35, 0, 7;
    %cmp/u;
    %jmp/1 T_2.2, 6;
    %dup/vec4;
    %pushi/vec4 99, 0, 7;
    %cmp/u;
    %jmp/1 T_2.3, 6;
    %pushi/vec4 0, 0, 32;
    %store/vec4 v000001b10b6d58a0_0, 0, 32;
    %jmp T_2.5;
T_2.0 ;
    %load/vec4 v000001b10b6d53a0_0;
    %parti/s 1, 31, 6;
    %replicate 20;
    %load/vec4 v000001b10b6d53a0_0;
    %parti/s 12, 20, 6;
    %concat/vec4; draw_concat_vec4
    %store/vec4 v000001b10b6d58a0_0, 0, 32;
    %jmp T_2.5;
T_2.1 ;
    %load/vec4 v000001b10b6d53a0_0;
    %parti/s 1, 31, 6;
    %replicate 20;
    %load/vec4 v000001b10b6d53a0_0;
    %parti/s 12, 20, 6;
    %concat/vec4; draw_concat_vec4
    %store/vec4 v000001b10b6d58a0_0, 0, 32;
    %jmp T_2.5;
T_2.2 ;
    %load/vec4 v000001b10b6d53a0_0;
    %parti/s 1, 31, 6;
    %replicate 20;
    %load/vec4 v000001b10b6d53a0_0;
    %parti/s 7, 25, 6;
    %concat/vec4; draw_concat_vec4
    %load/vec4 v000001b10b6d53a0_0;
    %parti/s 5, 7, 4;
    %concat/vec4; draw_concat_vec4
    %store/vec4 v000001b10b6d58a0_0, 0, 32;
    %jmp T_2.5;
T_2.3 ;
    %load/vec4 v000001b10b6d53a0_0;
    %parti/s 1, 31, 6;
    %replicate 19;
    %load/vec4 v000001b10b6d53a0_0;
    %parti/s 1, 7, 4;
    %concat/vec4; draw_concat_vec4
    %load/vec4 v000001b10b6d53a0_0;
    %parti/s 6, 25, 6;
    %concat/vec4; draw_concat_vec4
    %load/vec4 v000001b10b6d53a0_0;
    %parti/s 4, 8, 5;
    %concat/vec4; draw_concat_vec4
    %concati/vec4 0, 0, 1;
    %pad/u 32;
    %store/vec4 v000001b10b6d58a0_0, 0, 32;
    %jmp T_2.5;
T_2.5 ;
    %pop/vec4 1;
    %jmp T_2;
    .thread T_2, $push;
    .scope S_000001b10b637f90;
T_3 ;
    %wait E_000001b10b66ff50;
    %load/vec4 v000001b10b6d51c0_0;
    %parti/s 7, 0, 2;
    %store/vec4 v000001b10b6d5bc0_0, 0, 7;
    %load/vec4 v000001b10b6d51c0_0;
    %parti/s 5, 7, 4;
    %store/vec4 v000001b10b6d5760_0, 0, 5;
    %load/vec4 v000001b10b6d51c0_0;
    %parti/s 3, 12, 5;
    %store/vec4 v000001b10b6d56c0_0, 0, 3;
    %load/vec4 v000001b10b6d51c0_0;
    %parti/s 5, 15, 5;
    %store/vec4 v000001b10b6d5800_0, 0, 5;
    %load/vec4 v000001b10b6d51c0_0;
    %parti/s 5, 20, 6;
    %store/vec4 v000001b10b6d5b20_0, 0, 5;
    %load/vec4 v000001b10b6d51c0_0;
    %parti/s 1, 30, 6;
    %store/vec4 v000001b10b6d5300_0, 0, 1;
    %pushi/vec4 0, 0, 1;
    %store/vec4 v000001b10b6d5a80_0, 0, 1;
    %pushi/vec4 0, 0, 1;
    %store/vec4 v000001b10b6d5f80_0, 0, 1;
    %pushi/vec4 0, 0, 1;
    %store/vec4 v000001b10b6d6020_0, 0, 1;
    %pushi/vec4 0, 0, 1;
    %store/vec4 v000001b10b6d5120_0, 0, 1;
    %pushi/vec4 0, 0, 1;
    %store/vec4 v000001b10b6d5e40_0, 0, 1;
    %pushi/vec4 0, 0, 1;
    %store/vec4 v000001b10b6d59e0_0, 0, 1;
    %pushi/vec4 0, 0, 2;
    %store/vec4 v000001b10b6d5260_0, 0, 2;
    %load/vec4 v000001b10b6d5bc0_0;
    %dup/vec4;
    %pushi/vec4 51, 0, 7;
    %cmp/u;
    %jmp/1 T_3.0, 6;
    %dup/vec4;
    %pushi/vec4 19, 0, 7;
    %cmp/u;
    %jmp/1 T_3.1, 6;
    %dup/vec4;
    %pushi/vec4 3, 0, 7;
    %cmp/u;
    %jmp/1 T_3.2, 6;
    %dup/vec4;
    %pushi/vec4 35, 0, 7;
    %cmp/u;
    %jmp/1 T_3.3, 6;
    %dup/vec4;
    %pushi/vec4 99, 0, 7;
    %cmp/u;
    %jmp/1 T_3.4, 6;
    %jmp T_3.6;
T_3.0 ;
    %pushi/vec4 1, 0, 1;
    %store/vec4 v000001b10b6d5a80_0, 0, 1;
    %pushi/vec4 0, 0, 1;
    %store/vec4 v000001b10b6d5e40_0, 0, 1;
    %pushi/vec4 2, 0, 2;
    %store/vec4 v000001b10b6d5260_0, 0, 2;
    %jmp T_3.6;
T_3.1 ;
    %pushi/vec4 1, 0, 1;
    %store/vec4 v000001b10b6d5a80_0, 0, 1;
    %pushi/vec4 1, 0, 1;
    %store/vec4 v000001b10b6d5e40_0, 0, 1;
    %pushi/vec4 2, 0, 2;
    %store/vec4 v000001b10b6d5260_0, 0, 2;
    %jmp T_3.6;
T_3.2 ;
    %pushi/vec4 1, 0, 1;
    %store/vec4 v000001b10b6d5a80_0, 0, 1;
    %pushi/vec4 1, 0, 1;
    %store/vec4 v000001b10b6d5f80_0, 0, 1;
    %pushi/vec4 1, 0, 1;
    %store/vec4 v000001b10b6d5120_0, 0, 1;
    %pushi/vec4 1, 0, 1;
    %store/vec4 v000001b10b6d5e40_0, 0, 1;
    %pushi/vec4 0, 0, 2;
    %store/vec4 v000001b10b6d5260_0, 0, 2;
    %jmp T_3.6;
T_3.3 ;
    %pushi/vec4 1, 0, 1;
    %store/vec4 v000001b10b6d6020_0, 0, 1;
    %pushi/vec4 1, 0, 1;
    %store/vec4 v000001b10b6d5e40_0, 0, 1;
    %pushi/vec4 0, 0, 2;
    %store/vec4 v000001b10b6d5260_0, 0, 2;
    %jmp T_3.6;
T_3.4 ;
    %pushi/vec4 1, 0, 1;
    %store/vec4 v000001b10b6d59e0_0, 0, 1;
    %pushi/vec4 1, 0, 2;
    %store/vec4 v000001b10b6d5260_0, 0, 2;
    %jmp T_3.6;
T_3.6 ;
    %pop/vec4 1;
    %jmp T_3;
    .thread T_3, $push;
    .scope S_000001b10b67eaa0;
T_4 ;
    %wait E_000001b10b672650;
    %load/vec4 v000001b10b67a620_0;
    %dup/vec4;
    %pushi/vec4 0, 0, 4;
    %cmp/u;
    %jmp/1 T_4.0, 6;
    %dup/vec4;
    %pushi/vec4 1, 0, 4;
    %cmp/u;
    %jmp/1 T_4.1, 6;
    %dup/vec4;
    %pushi/vec4 2, 0, 4;
    %cmp/u;
    %jmp/1 T_4.2, 6;
    %dup/vec4;
    %pushi/vec4 3, 0, 4;
    %cmp/u;
    %jmp/1 T_4.3, 6;
    %dup/vec4;
    %pushi/vec4 4, 0, 4;
    %cmp/u;
    %jmp/1 T_4.4, 6;
    %dup/vec4;
    %pushi/vec4 5, 0, 4;
    %cmp/u;
    %jmp/1 T_4.5, 6;
    %dup/vec4;
    %pushi/vec4 6, 0, 4;
    %cmp/u;
    %jmp/1 T_4.6, 6;
    %dup/vec4;
    %pushi/vec4 7, 0, 4;
    %cmp/u;
    %jmp/1 T_4.7, 6;
    %dup/vec4;
    %pushi/vec4 8, 0, 4;
    %cmp/u;
    %jmp/1 T_4.8, 6;
    %pushi/vec4 0, 0, 32;
    %store/vec4 v000001b10b67a9e0_0, 0, 32;
    %jmp T_4.10;
T_4.0 ;
    %load/vec4 v000001b10b67ada0_0;
    %load/vec4 v000001b10b67a580_0;
    %add;
    %store/vec4 v000001b10b67a9e0_0, 0, 32;
    %jmp T_4.10;
T_4.1 ;
    %load/vec4 v000001b10b67ada0_0;
    %load/vec4 v000001b10b67a580_0;
    %sub;
    %store/vec4 v000001b10b67a9e0_0, 0, 32;
    %jmp T_4.10;
T_4.2 ;
    %load/vec4 v000001b10b67ada0_0;
    %load/vec4 v000001b10b67a580_0;
    %and;
    %store/vec4 v000001b10b67a9e0_0, 0, 32;
    %jmp T_4.10;
T_4.3 ;
    %load/vec4 v000001b10b67ada0_0;
    %load/vec4 v000001b10b67a580_0;
    %or;
    %store/vec4 v000001b10b67a9e0_0, 0, 32;
    %jmp T_4.10;
T_4.4 ;
    %load/vec4 v000001b10b67ada0_0;
    %load/vec4 v000001b10b67a580_0;
    %xor;
    %store/vec4 v000001b10b67a9e0_0, 0, 32;
    %jmp T_4.10;
T_4.5 ;
    %load/vec4 v000001b10b67ada0_0;
    %load/vec4 v000001b10b67a580_0;
    %parti/s 5, 0, 2;
    %ix/vec4 4;
    %shiftl 4;
    %store/vec4 v000001b10b67a9e0_0, 0, 32;
    %jmp T_4.10;
T_4.6 ;
    %load/vec4 v000001b10b67ada0_0;
    %load/vec4 v000001b10b67a580_0;
    %parti/s 5, 0, 2;
    %ix/vec4 4;
    %shiftr 4;
    %store/vec4 v000001b10b67a9e0_0, 0, 32;
    %jmp T_4.10;
T_4.7 ;
    %load/vec4 v000001b10b67ada0_0;
    %load/vec4 v000001b10b67a580_0;
    %parti/s 5, 0, 2;
    %ix/vec4 4;
    %shiftr/s 4;
    %store/vec4 v000001b10b67a9e0_0, 0, 32;
    %jmp T_4.10;
T_4.8 ;
    %load/vec4 v000001b10b67ada0_0;
    %load/vec4 v000001b10b67a580_0;
    %cmp/s;
    %flag_mov 8, 5;
    %jmp/0 T_4.11, 8;
    %pushi/vec4 1, 0, 32;
    %jmp/1 T_4.12, 8;
T_4.11 ; End of true expr.
    %pushi/vec4 0, 0, 32;
    %jmp/0 T_4.12, 8;
 ; End of false expr.
    %blend;
T_4.12;
    %store/vec4 v000001b10b67a9e0_0, 0, 32;
    %jmp T_4.10;
T_4.10 ;
    %pop/vec4 1;
    %load/vec4 v000001b10b67a9e0_0;
    %pushi/vec4 0, 0, 32;
    %cmp/e;
    %flag_get/vec4 4;
    %store/vec4 v000001b10b67ab20_0, 0, 1;
    %jmp T_4;
    .thread T_4, $push;
    .scope S_000001b10b63f8c0;
T_5 ;
    %wait E_000001b10b672d90;
    %load/vec4 v000001b10b67a260_0;
    %dup/vec4;
    %pushi/vec4 0, 0, 2;
    %cmp/u;
    %jmp/1 T_5.0, 6;
    %dup/vec4;
    %pushi/vec4 1, 0, 2;
    %cmp/u;
    %jmp/1 T_5.1, 6;
    %dup/vec4;
    %pushi/vec4 2, 0, 2;
    %cmp/u;
    %jmp/1 T_5.2, 6;
    %pushi/vec4 0, 0, 4;
    %store/vec4 v000001b10b67abc0_0, 0, 4;
    %jmp T_5.4;
T_5.0 ;
    %pushi/vec4 0, 0, 4;
    %store/vec4 v000001b10b67abc0_0, 0, 4;
    %jmp T_5.4;
T_5.1 ;
    %pushi/vec4 1, 0, 4;
    %store/vec4 v000001b10b67abc0_0, 0, 4;
    %jmp T_5.4;
T_5.2 ;
    %load/vec4 v000001b10b67a440_0;
    %dup/vec4;
    %pushi/vec4 0, 0, 3;
    %cmp/u;
    %jmp/1 T_5.5, 6;
    %dup/vec4;
    %pushi/vec4 7, 0, 3;
    %cmp/u;
    %jmp/1 T_5.6, 6;
    %dup/vec4;
    %pushi/vec4 6, 0, 3;
    %cmp/u;
    %jmp/1 T_5.7, 6;
    %dup/vec4;
    %pushi/vec4 4, 0, 3;
    %cmp/u;
    %jmp/1 T_5.8, 6;
    %dup/vec4;
    %pushi/vec4 1, 0, 3;
    %cmp/u;
    %jmp/1 T_5.9, 6;
    %dup/vec4;
    %pushi/vec4 5, 0, 3;
    %cmp/u;
    %jmp/1 T_5.10, 6;
    %dup/vec4;
    %pushi/vec4 2, 0, 3;
    %cmp/u;
    %jmp/1 T_5.11, 6;
    %pushi/vec4 0, 0, 4;
    %store/vec4 v000001b10b67abc0_0, 0, 4;
    %jmp T_5.13;
T_5.5 ;
    %load/vec4 v000001b10b67a6c0_0;
    %flag_set/vec4 8;
    %jmp/0 T_5.14, 8;
    %pushi/vec4 1, 0, 4;
    %jmp/1 T_5.15, 8;
T_5.14 ; End of true expr.
    %pushi/vec4 0, 0, 4;
    %jmp/0 T_5.15, 8;
 ; End of false expr.
    %blend;
T_5.15;
    %store/vec4 v000001b10b67abc0_0, 0, 4;
    %jmp T_5.13;
T_5.6 ;
    %pushi/vec4 2, 0, 4;
    %store/vec4 v000001b10b67abc0_0, 0, 4;
    %jmp T_5.13;
T_5.7 ;
    %pushi/vec4 3, 0, 4;
    %store/vec4 v000001b10b67abc0_0, 0, 4;
    %jmp T_5.13;
T_5.8 ;
    %pushi/vec4 4, 0, 4;
    %store/vec4 v000001b10b67abc0_0, 0, 4;
    %jmp T_5.13;
T_5.9 ;
    %pushi/vec4 5, 0, 4;
    %store/vec4 v000001b10b67abc0_0, 0, 4;
    %jmp T_5.13;
T_5.10 ;
    %load/vec4 v000001b10b67a6c0_0;
    %flag_set/vec4 8;
    %jmp/0 T_5.16, 8;
    %pushi/vec4 7, 0, 4;
    %jmp/1 T_5.17, 8;
T_5.16 ; End of true expr.
    %pushi/vec4 6, 0, 4;
    %jmp/0 T_5.17, 8;
 ; End of false expr.
    %blend;
T_5.17;
    %store/vec4 v000001b10b67abc0_0, 0, 4;
    %jmp T_5.13;
T_5.11 ;
    %pushi/vec4 8, 0, 4;
    %store/vec4 v000001b10b67abc0_0, 0, 4;
    %jmp T_5.13;
T_5.13 ;
    %pop/vec4 1;
    %jmp T_5.4;
T_5.4 ;
    %pop/vec4 1;
    %jmp T_5;
    .thread T_5, $push;
    .scope S_000001b10b6673a0;
T_6 ;
    %pushi/vec4 0, 0, 32;
    %store/vec4 v000001b10b6d8960_0, 0, 32;
T_6.0 ;
    %load/vec4 v000001b10b6d8960_0;
    %cmpi/s 32, 0, 32;
    %jmp/0xz T_6.1, 5;
    %pushi/vec4 0, 0, 32;
    %ix/getv/s 4, v000001b10b6d8960_0;
    %store/vec4a v000001b10b6d9360, 4, 0;
    %load/vec4 v000001b10b6d8960_0;
    %addi 1, 0, 32;
    %store/vec4 v000001b10b6d8960_0, 0, 32;
    %jmp T_6.0;
T_6.1 ;
    %end;
    .thread T_6;
    .scope S_000001b10b6673a0;
T_7 ;
    %wait E_000001b10b66f5d0;
    %load/vec4 v000001b10b6d8b40_0;
    %pad/u 7;
    %ix/vec4 4;
    %load/vec4a v000001b10b6d9360, 4;
    %store/vec4 v000001b10b6da3a0_0, 0, 32;
    %load/vec4 v000001b10b6d9040_0;
    %pad/u 7;
    %ix/vec4 4;
    %load/vec4a v000001b10b6d9360, 4;
    %store/vec4 v000001b10b6da580_0, 0, 32;
    %jmp T_7;
    .thread T_7, $push;
    .scope S_000001b10b6673a0;
T_8 ;
    %wait E_000001b10b66f990;
    %load/vec4 v000001b10b6d9b80_0;
    %flag_set/vec4 9;
    %flag_get/vec4 9;
    %jmp/0 T_8.2, 9;
    %load/vec4 v000001b10b6d99a0_0;
    %pushi/vec4 0, 0, 5;
    %cmp/ne;
    %flag_get/vec4 4;
    %and;
T_8.2;
    %flag_set/vec4 8;
    %jmp/0xz  T_8.0, 8;
    %load/vec4 v000001b10b6da6c0_0;
    %load/vec4 v000001b10b6d99a0_0;
    %pad/u 7;
    %ix/vec4 3;
    %ix/load 4, 0, 0; Constant delay
    %assign/vec4/a/d v000001b10b6d9360, 0, 4;
T_8.0 ;
    %jmp T_8;
    .thread T_8;
    .scope S_000001b10b63fa50;
T_9 ;
    %wait E_000001b10b66f990;
    %load/vec4 v000001b10b67a940_0;
    %flag_set/vec4 8;
    %jmp/0xz  T_9.0, 8;
    %load/vec4 v000001b10b6d5620_0;
    %load/vec4 v000001b10b67a300_0;
    %parti/s 10, 2, 3;
    %pad/u 12;
    %ix/vec4 3;
    %ix/load 4, 0, 0; Constant delay
    %assign/vec4/a/d v000001b10b67a800, 0, 4;
T_9.0 ;
    %jmp T_9;
    .thread T_9;
    .scope S_000001b10b67c0f0;
T_10 ;
    %delay 5, 0;
    %load/vec4 v000001b10b6d9220_0;
    %inv;
    %store/vec4 v000001b10b6d9220_0, 0, 1;
    %jmp T_10;
    .thread T_10;
    .scope S_000001b10b67c0f0;
T_11 ;
    %pushi/vec4 0, 0, 1;
    %store/vec4 v000001b10b6d9220_0, 0, 1;
    %vpi_call 2 18 "$dumpfile", "riscTopTB.vcd" {0 0 0};
    %vpi_call 2 19 "$dumpvars", 32'sb00000000000000000000000000000000, S_000001b10b67c0f0 {0 0 0};
    %delay 2, 0;
    %pushi/vec4 1, 0, 1;
    %store/vec4 v000001b10b6d9f40_0, 0, 1;
    %vpi_call 2 23 "$display", "x0 beofre = %0d", &A<v000001b10b6d9360, 0> {0 0 0};
    %vpi_call 2 24 "$display", "x1 beofre = %0d", &A<v000001b10b6d9360, 1> {0 0 0};
    %vpi_call 2 25 "$display", "x2 beofre = %0d", &A<v000001b10b6d9360, 2> {0 0 0};
    %vpi_call 2 26 "$display", "x3 beofre = %0d", &A<v000001b10b6d9360, 3> {0 0 0};
    %vpi_call 2 27 "$display", "x4 beofre = %0d", &A<v000001b10b6d9360, 4> {0 0 0};
    %vpi_call 2 28 "$display", "x5 beofre = %0d", &A<v000001b10b6d9360, 5> {0 0 0};
    %vpi_call 2 29 "$display", "x6 beofre = %0d", &A<v000001b10b6d9360, 6> {0 0 0};
    %delay 22, 0;
    %pushi/vec4 0, 0, 1;
    %store/vec4 v000001b10b6d9f40_0, 0, 1;
    %delay 222, 0;
    %vpi_call 2 33 "$display", "x1 = %0d", &A<v000001b10b6d9360, 1> {0 0 0};
    %vpi_call 2 34 "$display", "x2 = %0d", &A<v000001b10b6d9360, 2> {0 0 0};
    %vpi_call 2 35 "$display", "x3 = %0d", &A<v000001b10b6d9360, 3> {0 0 0};
    %vpi_call 2 36 "$display", "x4 = %0d", &A<v000001b10b6d9360, 4> {0 0 0};
    %vpi_call 2 37 "$display", "x5 = %0d", &A<v000001b10b6d9360, 5> {0 0 0};
    %vpi_call 2 38 "$display", "x6 = %0d", &A<v000001b10b6d9360, 6> {0 0 0};
    %vpi_call 2 40 "$display", "PC after run = %0d", v000001b10b6d5ee0_0 {0 0 0};
    %vpi_call 2 41 "$display", "instruction at 0 = %h", v000001b10b6d54e0_0 {0 0 0};
    %vpi_call 2 42 "$finish" {0 0 0};
    %end;
    .thread T_11;
# The file index is used to find the file name in the following table.
:file_names 12;
    "N/A";
    "<interactive>";
    "riscTopTB.v";
    "riscTop.v";
    "alu.v";
    "AluControl.v";
    "DataMemo.v";
    "decoder.v";
    "immediateGen.v";
    "instructionMemo.v";
    "pc_counter.v";
    "registerFile.v";
