#! /c/Source/iverilog-install/bin/vvp
:ivl_version "12.0 (devel)" "(s20150603-1539-g2693dd32b)";
:ivl_delay_selection "TYPICAL";
:vpi_time_precision + 0;
:vpi_module "C:\iverilog\lib\ivl\system.vpi";
:vpi_module "C:\iverilog\lib\ivl\vhdl_sys.vpi";
:vpi_module "C:\iverilog\lib\ivl\vhdl_textio.vpi";
:vpi_module "C:\iverilog\lib\ivl\v2005_math.vpi";
:vpi_module "C:\iverilog\lib\ivl\va_math.vpi";
S_000002e2da3269b0 .scope module, "alu" "alu" 2 1;
 .timescale 0 0;
    .port_info 0 /INPUT 32 "a";
    .port_info 1 /INPUT 32 "b";
    .port_info 2 /INPUT 16 "sel";
    .port_info 3 /OUTPUT 1 "zeroflag";
    .port_info 4 /OUTPUT 32 "out";
o000002e2da3e8fd8 .functor BUFZ 32, C4<zzzzzzzzzzzzzzzzzzzzzzzzzzzzzzzz>; HiZ drive
v000002e2da326f50_0 .net "a", 31 0, o000002e2da3e8fd8;  0 drivers
o000002e2da3e9008 .functor BUFZ 32, C4<zzzzzzzzzzzzzzzzzzzzzzzzzzzzzzzz>; HiZ drive
v000002e2da3272e0_0 .net "b", 31 0, o000002e2da3e9008;  0 drivers
v000002e2da326b40_0 .var "out", 31 0;
o000002e2da3e9068 .functor BUFZ 16, C4<zzzzzzzzzzzzzzzz>; HiZ drive
v000002e2da326be0_0 .net "sel", 15 0, o000002e2da3e9068;  0 drivers
v000002e2da326c80_0 .var "zeroflag", 0 0;
E_000002e2da32a390 .event anyedge, v000002e2da326be0_0, v000002e2da326f50_0, v000002e2da3272e0_0, v000002e2da326b40_0;
    .scope S_000002e2da3269b0;
T_0 ;
    %wait E_000002e2da32a390;
    %load/vec4 v000002e2da326be0_0;
    %dup/vec4;
    %pushi/vec4 0, 0, 16;
    %cmp/u;
    %jmp/1 T_0.0, 6;
    %dup/vec4;
    %pushi/vec4 1, 0, 16;
    %cmp/u;
    %jmp/1 T_0.1, 6;
    %dup/vec4;
    %pushi/vec4 2, 0, 16;
    %cmp/u;
    %jmp/1 T_0.2, 6;
    %dup/vec4;
    %pushi/vec4 3, 0, 16;
    %cmp/u;
    %jmp/1 T_0.3, 6;
    %dup/vec4;
    %pushi/vec4 5, 0, 16;
    %cmp/u;
    %jmp/1 T_0.4, 6;
    %dup/vec4;
    %pushi/vec4 6, 0, 16;
    %cmp/u;
    %jmp/1 T_0.5, 6;
    %dup/vec4;
    %pushi/vec4 7, 0, 16;
    %cmp/u;
    %jmp/1 T_0.6, 6;
    %dup/vec4;
    %pushi/vec4 9, 0, 16;
    %cmp/u;
    %jmp/1 T_0.7, 6;
    %dup/vec4;
    %pushi/vec4 10, 0, 16;
    %cmp/u;
    %jmp/1 T_0.8, 6;
    %dup/vec4;
    %pushi/vec4 11, 0, 16;
    %cmp/u;
    %jmp/1 T_0.9, 6;
    %dup/vec4;
    %pushi/vec4 12, 0, 16;
    %cmp/u;
    %jmp/1 T_0.10, 6;
    %pushi/vec4 0, 0, 32;
    %store/vec4 v000002e2da326b40_0, 0, 32;
    %jmp T_0.12;
T_0.0 ;
    %load/vec4 v000002e2da326f50_0;
    %load/vec4 v000002e2da3272e0_0;
    %add;
    %store/vec4 v000002e2da326b40_0, 0, 32;
    %jmp T_0.12;
T_0.1 ;
    %load/vec4 v000002e2da326f50_0;
    %load/vec4 v000002e2da3272e0_0;
    %sub;
    %store/vec4 v000002e2da326b40_0, 0, 32;
    %jmp T_0.12;
T_0.2 ;
    %load/vec4 v000002e2da326f50_0;
    %load/vec4 v000002e2da3272e0_0;
    %and;
    %store/vec4 v000002e2da326b40_0, 0, 32;
    %jmp T_0.12;
T_0.3 ;
    %load/vec4 v000002e2da326f50_0;
    %load/vec4 v000002e2da3272e0_0;
    %or;
    %store/vec4 v000002e2da326b40_0, 0, 32;
    %jmp T_0.12;
T_0.4 ;
    %load/vec4 v000002e2da326f50_0;
    %load/vec4 v000002e2da3272e0_0;
    %xor;
    %store/vec4 v000002e2da326b40_0, 0, 32;
    %jmp T_0.12;
T_0.5 ;
    %load/vec4 v000002e2da326f50_0;
    %load/vec4 v000002e2da3272e0_0;
    %and;
    %inv;
    %store/vec4 v000002e2da326b40_0, 0, 32;
    %jmp T_0.12;
T_0.6 ;
    %load/vec4 v000002e2da326f50_0;
    %load/vec4 v000002e2da3272e0_0;
    %or;
    %inv;
    %store/vec4 v000002e2da326b40_0, 0, 32;
    %jmp T_0.12;
T_0.7 ;
    %load/vec4 v000002e2da326f50_0;
    %ix/load 4, 1, 0;
    %flag_set/imm 4, 0;
    %shiftl 4;
    %store/vec4 v000002e2da326b40_0, 0, 32;
    %jmp T_0.12;
T_0.8 ;
    %load/vec4 v000002e2da3272e0_0;
    %ix/load 4, 1, 0;
    %flag_set/imm 4, 0;
    %shiftl 4;
    %store/vec4 v000002e2da326b40_0, 0, 32;
    %jmp T_0.12;
T_0.9 ;
    %load/vec4 v000002e2da326f50_0;
    %ix/load 4, 1, 0;
    %flag_set/imm 4, 0;
    %shiftr 4;
    %store/vec4 v000002e2da326b40_0, 0, 32;
    %jmp T_0.12;
T_0.10 ;
    %load/vec4 v000002e2da3272e0_0;
    %ix/load 4, 1, 0;
    %flag_set/imm 4, 0;
    %shiftr 4;
    %store/vec4 v000002e2da326b40_0, 0, 32;
    %jmp T_0.12;
T_0.12 ;
    %pop/vec4 1;
    %load/vec4 v000002e2da326b40_0;
    %cmpi/ne 0, 0, 32;
    %flag_mov 8, 4;
    %jmp/0 T_0.13, 8;
    %pushi/vec4 0, 0, 2;
    %jmp/1 T_0.14, 8;
T_0.13 ; End of true expr.
    %pushi/vec4 1, 0, 2;
    %jmp/0 T_0.14, 8;
 ; End of false expr.
    %blend;
T_0.14;
    %pad/s 1;
    %store/vec4 v000002e2da326c80_0, 0, 1;
    %jmp T_0;
    .thread T_0, $push;
# The file index is used to find the file name in the following table.
:file_names 3;
    "N/A";
    "<interactive>";
    "alu.v";
