#! /c/Source/iverilog-install/bin/vvp
:ivl_version "12.0 (devel)" "(s20150603-1539-g2693dd32b)";
:ivl_delay_selection "TYPICAL";
:vpi_time_precision + 0;
:vpi_module "C:\iverilog\lib\ivl\system.vpi";
:vpi_module "C:\iverilog\lib\ivl\vhdl_sys.vpi";
:vpi_module "C:\iverilog\lib\ivl\vhdl_textio.vpi";
:vpi_module "C:\iverilog\lib\ivl\v2005_math.vpi";
:vpi_module "C:\iverilog\lib\ivl\va_math.vpi";
S_0000018f784569b0 .scope module, "decoder" "decoder" 2 1;
 .timescale 0 0;
    .port_info 0 /INPUT 32 "instruction";
    .port_info 1 /OUTPUT 7 "opcode";
    .port_info 2 /OUTPUT 5 "rd";
    .port_info 3 /OUTPUT 3 "funct3";
    .port_info 4 /OUTPUT 5 "rs1";
    .port_info 5 /OUTPUT 5 "rs2";
    .port_info 6 /OUTPUT 7 "funct7";
    .port_info 7 /OUTPUT 1 "RegWrite";
    .port_info 8 /OUTPUT 1 "MemRead";
    .port_info 9 /OUTPUT 1 "MemWrite";
    .port_info 10 /OUTPUT 1 "MemtoReg";
    .port_info 11 /OUTPUT 1 "ALUSrc";
    .port_info 12 /OUTPUT 1 "Branch";
    .port_info 13 /OUTPUT 2 "ALUOp";
v0000018f78456f70_0 .var "ALUOp", 1 0;
v0000018f784572e0_0 .var "ALUSrc", 0 0;
v0000018f78456c30_0 .var "Branch", 0 0;
v0000018f7845bdc0_0 .var "MemRead", 0 0;
v0000018f7845be60_0 .var "MemWrite", 0 0;
v0000018f7845bf00_0 .var "MemtoReg", 0 0;
v0000018f784a3df0_0 .var "RegWrite", 0 0;
v0000018f784a3e90_0 .var "funct3", 2 0;
v0000018f784a3f30_0 .var "funct7", 6 0;
o0000018f784ac188 .functor BUFZ 32, C4<zzzzzzzzzzzzzzzzzzzzzzzzzzzzzzzz>; HiZ drive
v0000018f784a3fd0_0 .net "instruction", 31 0, o0000018f784ac188;  0 drivers
v0000018f784a4070_0 .var "opcode", 6 0;
v0000018f784a4110_0 .var "rd", 4 0;
v0000018f784a41b0_0 .var "rs1", 4 0;
v0000018f784a4250_0 .var "rs2", 4 0;
E_0000018f78494ed0 .event anyedge, v0000018f784a3fd0_0, v0000018f784a4070_0;
    .scope S_0000018f784569b0;
T_0 ;
    %wait E_0000018f78494ed0;
    %load/vec4 v0000018f784a3fd0_0;
    %parti/s 7, 0, 2;
    %store/vec4 v0000018f784a4070_0, 0, 7;
    %load/vec4 v0000018f784a3fd0_0;
    %parti/s 5, 7, 4;
    %store/vec4 v0000018f784a4110_0, 0, 5;
    %load/vec4 v0000018f784a3fd0_0;
    %parti/s 3, 12, 5;
    %store/vec4 v0000018f784a3e90_0, 0, 3;
    %load/vec4 v0000018f784a3fd0_0;
    %parti/s 5, 15, 5;
    %store/vec4 v0000018f784a41b0_0, 0, 5;
    %load/vec4 v0000018f784a3fd0_0;
    %parti/s 5, 20, 6;
    %store/vec4 v0000018f784a4250_0, 0, 5;
    %load/vec4 v0000018f784a3fd0_0;
    %parti/s 7, 25, 6;
    %store/vec4 v0000018f784a3f30_0, 0, 7;
    %pushi/vec4 0, 0, 1;
    %store/vec4 v0000018f784a3df0_0, 0, 1;
    %pushi/vec4 0, 0, 1;
    %store/vec4 v0000018f7845bdc0_0, 0, 1;
    %pushi/vec4 0, 0, 1;
    %store/vec4 v0000018f7845be60_0, 0, 1;
    %pushi/vec4 0, 0, 1;
    %store/vec4 v0000018f7845bf00_0, 0, 1;
    %pushi/vec4 0, 0, 1;
    %store/vec4 v0000018f784572e0_0, 0, 1;
    %pushi/vec4 0, 0, 1;
    %store/vec4 v0000018f78456c30_0, 0, 1;
    %pushi/vec4 0, 0, 2;
    %store/vec4 v0000018f78456f70_0, 0, 2;
    %load/vec4 v0000018f784a4070_0;
    %dup/vec4;
    %pushi/vec4 51, 0, 7;
    %cmp/u;
    %jmp/1 T_0.0, 6;
    %dup/vec4;
    %pushi/vec4 19, 0, 7;
    %cmp/u;
    %jmp/1 T_0.1, 6;
    %dup/vec4;
    %pushi/vec4 3, 0, 7;
    %cmp/u;
    %jmp/1 T_0.2, 6;
    %dup/vec4;
    %pushi/vec4 35, 0, 7;
    %cmp/u;
    %jmp/1 T_0.3, 6;
    %dup/vec4;
    %pushi/vec4 99, 0, 7;
    %cmp/u;
    %jmp/1 T_0.4, 6;
    %jmp T_0.6;
T_0.0 ;
    %pushi/vec4 1, 0, 1;
    %store/vec4 v0000018f784a3df0_0, 0, 1;
    %pushi/vec4 0, 0, 1;
    %store/vec4 v0000018f784572e0_0, 0, 1;
    %pushi/vec4 2, 0, 2;
    %store/vec4 v0000018f78456f70_0, 0, 2;
    %jmp T_0.6;
T_0.1 ;
    %pushi/vec4 1, 0, 1;
    %store/vec4 v0000018f784a3df0_0, 0, 1;
    %pushi/vec4 1, 0, 1;
    %store/vec4 v0000018f784572e0_0, 0, 1;
    %pushi/vec4 2, 0, 2;
    %store/vec4 v0000018f78456f70_0, 0, 2;
    %jmp T_0.6;
T_0.2 ;
    %pushi/vec4 1, 0, 1;
    %store/vec4 v0000018f784a3df0_0, 0, 1;
    %pushi/vec4 1, 0, 1;
    %store/vec4 v0000018f7845bdc0_0, 0, 1;
    %pushi/vec4 1, 0, 1;
    %store/vec4 v0000018f7845bf00_0, 0, 1;
    %pushi/vec4 1, 0, 1;
    %store/vec4 v0000018f784572e0_0, 0, 1;
    %pushi/vec4 0, 0, 2;
    %store/vec4 v0000018f78456f70_0, 0, 2;
    %jmp T_0.6;
T_0.3 ;
    %pushi/vec4 1, 0, 1;
    %store/vec4 v0000018f7845be60_0, 0, 1;
    %pushi/vec4 1, 0, 1;
    %store/vec4 v0000018f784572e0_0, 0, 1;
    %pushi/vec4 0, 0, 2;
    %store/vec4 v0000018f78456f70_0, 0, 2;
    %jmp T_0.6;
T_0.4 ;
    %pushi/vec4 1, 0, 1;
    %store/vec4 v0000018f78456c30_0, 0, 1;
    %pushi/vec4 1, 0, 2;
    %store/vec4 v0000018f78456f70_0, 0, 2;
    %jmp T_0.6;
T_0.6 ;
    %pop/vec4 1;
    %jmp T_0;
    .thread T_0, $push;
# The file index is used to find the file name in the following table.
:file_names 3;
    "N/A";
    "<interactive>";
    "decoder.v";
