#! /c/Source/iverilog-install/bin/vvp
:ivl_version "12.0 (devel)" "(s20150603-1539-g2693dd32b)";
:ivl_delay_selection "TYPICAL";
:vpi_time_precision - 12;
:vpi_module "C:\iverilog\lib\ivl\system.vpi";
:vpi_module "C:\iverilog\lib\ivl\vhdl_sys.vpi";
:vpi_module "C:\iverilog\lib\ivl\vhdl_textio.vpi";
:vpi_module "C:\iverilog\lib\ivl\v2005_math.vpi";
:vpi_module "C:\iverilog\lib\ivl\va_math.vpi";
S_000001d2934eae50 .scope module, "registerFile_TB" "registerFile_TB" 2 2;
 .timescale -12 -12;
v000001d293534d50_0 .net "ReadData1", 31 0, v000001d2935030b0_0;  1 drivers
v000001d293588fe0_0 .net "ReadData2", 31 0, v000001d293526fc0_0;  1 drivers
v000001d293589080_0 .var "RegWrite", 0 0;
v000001d293589120_0 .var "WriteData", 31 0;
v000001d2935891c0_0 .var "clk", 0 0;
v000001d293589260_0 .var "rd", 4 0;
v000001d293589ad0_0 .var "rs1", 4 0;
v000001d293589710_0 .var "rs2", 4 0;
S_000001d293526e30 .scope module, "dut" "RegisterFile" 2 14, 3 1 0, S_000001d2934eae50;
 .timescale 0 0;
    .port_info 0 /INPUT 5 "rs1";
    .port_info 1 /INPUT 5 "rs2";
    .port_info 2 /INPUT 5 "rd";
    .port_info 3 /INPUT 1 "clk";
    .port_info 4 /INPUT 32 "WriteData";
    .port_info 5 /INPUT 1 "RegWrite";
    .port_info 6 /OUTPUT 32 "ReadData1";
    .port_info 7 /OUTPUT 32 "ReadData2";
v000001d2935030b0_0 .var "ReadData1", 31 0;
v000001d293526fc0_0 .var "ReadData2", 31 0;
v000001d293527060_0 .net "RegWrite", 0 0, v000001d293589080_0;  1 drivers
v000001d293534880_0 .net "WriteData", 31 0, v000001d293589120_0;  1 drivers
v000001d293534920_0 .net "clk", 0 0, v000001d2935891c0_0;  1 drivers
v000001d2935349c0_0 .net "rd", 4 0, v000001d293589260_0;  1 drivers
v000001d293534a60 .array "registers", 31 0, 31 0;
v000001d293534c10_0 .net "rs1", 4 0, v000001d293589ad0_0;  1 drivers
v000001d293534cb0_0 .net "rs2", 4 0, v000001d293589710_0;  1 drivers
E_000001d293525a20 .event posedge, v000001d293534920_0;
v000001d293534a60_0 .array/port v000001d293534a60, 0;
v000001d293534a60_1 .array/port v000001d293534a60, 1;
v000001d293534a60_2 .array/port v000001d293534a60, 2;
E_000001d293525ba0/0 .event anyedge, v000001d293534c10_0, v000001d293534a60_0, v000001d293534a60_1, v000001d293534a60_2;
v000001d293534a60_3 .array/port v000001d293534a60, 3;
v000001d293534a60_4 .array/port v000001d293534a60, 4;
v000001d293534a60_5 .array/port v000001d293534a60, 5;
v000001d293534a60_6 .array/port v000001d293534a60, 6;
E_000001d293525ba0/1 .event anyedge, v000001d293534a60_3, v000001d293534a60_4, v000001d293534a60_5, v000001d293534a60_6;
v000001d293534a60_7 .array/port v000001d293534a60, 7;
v000001d293534a60_8 .array/port v000001d293534a60, 8;
v000001d293534a60_9 .array/port v000001d293534a60, 9;
v000001d293534a60_10 .array/port v000001d293534a60, 10;
E_000001d293525ba0/2 .event anyedge, v000001d293534a60_7, v000001d293534a60_8, v000001d293534a60_9, v000001d293534a60_10;
v000001d293534a60_11 .array/port v000001d293534a60, 11;
v000001d293534a60_12 .array/port v000001d293534a60, 12;
v000001d293534a60_13 .array/port v000001d293534a60, 13;
v000001d293534a60_14 .array/port v000001d293534a60, 14;
E_000001d293525ba0/3 .event anyedge, v000001d293534a60_11, v000001d293534a60_12, v000001d293534a60_13, v000001d293534a60_14;
v000001d293534a60_15 .array/port v000001d293534a60, 15;
v000001d293534a60_16 .array/port v000001d293534a60, 16;
v000001d293534a60_17 .array/port v000001d293534a60, 17;
v000001d293534a60_18 .array/port v000001d293534a60, 18;
E_000001d293525ba0/4 .event anyedge, v000001d293534a60_15, v000001d293534a60_16, v000001d293534a60_17, v000001d293534a60_18;
v000001d293534a60_19 .array/port v000001d293534a60, 19;
v000001d293534a60_20 .array/port v000001d293534a60, 20;
v000001d293534a60_21 .array/port v000001d293534a60, 21;
v000001d293534a60_22 .array/port v000001d293534a60, 22;
E_000001d293525ba0/5 .event anyedge, v000001d293534a60_19, v000001d293534a60_20, v000001d293534a60_21, v000001d293534a60_22;
v000001d293534a60_23 .array/port v000001d293534a60, 23;
v000001d293534a60_24 .array/port v000001d293534a60, 24;
v000001d293534a60_25 .array/port v000001d293534a60, 25;
v000001d293534a60_26 .array/port v000001d293534a60, 26;
E_000001d293525ba0/6 .event anyedge, v000001d293534a60_23, v000001d293534a60_24, v000001d293534a60_25, v000001d293534a60_26;
v000001d293534a60_27 .array/port v000001d293534a60, 27;
v000001d293534a60_28 .array/port v000001d293534a60, 28;
v000001d293534a60_29 .array/port v000001d293534a60, 29;
v000001d293534a60_30 .array/port v000001d293534a60, 30;
E_000001d293525ba0/7 .event anyedge, v000001d293534a60_27, v000001d293534a60_28, v000001d293534a60_29, v000001d293534a60_30;
v000001d293534a60_31 .array/port v000001d293534a60, 31;
E_000001d293525ba0/8 .event anyedge, v000001d293534a60_31, v000001d293534cb0_0;
E_000001d293525ba0 .event/or E_000001d293525ba0/0, E_000001d293525ba0/1, E_000001d293525ba0/2, E_000001d293525ba0/3, E_000001d293525ba0/4, E_000001d293525ba0/5, E_000001d293525ba0/6, E_000001d293525ba0/7, E_000001d293525ba0/8;
    .scope S_000001d293526e30;
T_0 ;
    %wait E_000001d293525ba0;
    %load/vec4 v000001d293534c10_0;
    %pad/u 7;
    %ix/vec4 4;
    %load/vec4a v000001d293534a60, 4;
    %store/vec4 v000001d2935030b0_0, 0, 32;
    %load/vec4 v000001d293534cb0_0;
    %pad/u 7;
    %ix/vec4 4;
    %load/vec4a v000001d293534a60, 4;
    %store/vec4 v000001d293526fc0_0, 0, 32;
    %jmp T_0;
    .thread T_0, $push;
    .scope S_000001d293526e30;
T_1 ;
    %wait E_000001d293525a20;
    %load/vec4 v000001d293527060_0;
    %flag_set/vec4 8;
    %jmp/0xz  T_1.0, 8;
    %load/vec4 v000001d293534880_0;
    %load/vec4 v000001d2935349c0_0;
    %pad/u 7;
    %ix/vec4 3;
    %ix/load 4, 0, 0; Constant delay
    %assign/vec4/a/d v000001d293534a60, 0, 4;
T_1.0 ;
    %jmp T_1;
    .thread T_1;
    .scope S_000001d2934eae50;
T_2 ;
    %delay 5, 0;
    %load/vec4 v000001d2935891c0_0;
    %inv;
    %store/vec4 v000001d2935891c0_0, 0, 1;
    %jmp T_2;
    .thread T_2;
    .scope S_000001d2934eae50;
T_3 ;
    %vpi_call 2 29 "$dumpfile", "registerFile_TB.vcd" {0 0 0};
    %vpi_call 2 30 "$dumpvars", 32'sb00000000000000000000000000000000, S_000001d2934eae50 {0 0 0};
    %pushi/vec4 0, 0, 5;
    %store/vec4 v000001d293589ad0_0, 0, 5;
    %pushi/vec4 0, 0, 5;
    %store/vec4 v000001d293589710_0, 0, 5;
    %pushi/vec4 0, 0, 5;
    %store/vec4 v000001d293589260_0, 0, 5;
    %pushi/vec4 0, 0, 1;
    %store/vec4 v000001d2935891c0_0, 0, 1;
    %pushi/vec4 0, 0, 32;
    %store/vec4 v000001d293589120_0, 0, 32;
    %pushi/vec4 0, 0, 1;
    %store/vec4 v000001d293589080_0, 0, 1;
    %delay 2, 0;
    %pushi/vec4 2863311530, 0, 32;
    %store/vec4 v000001d293589120_0, 0, 32;
    %pushi/vec4 1, 0, 1;
    %store/vec4 v000001d293589080_0, 0, 1;
    %pushi/vec4 5, 0, 5;
    %store/vec4 v000001d293589260_0, 0, 5;
    %delay 10, 0;
    %pushi/vec4 0, 0, 1;
    %store/vec4 v000001d293589080_0, 0, 1;
    %pushi/vec4 5, 0, 5;
    %store/vec4 v000001d293589ad0_0, 0, 5;
    %delay 2, 0;
    %load/vec4 v000001d293534d50_0;
    %cmpi/ne 2863311530, 0, 32;
    %jmp/0xz  T_3.0, 6;
    %vpi_call 2 53 "$display", "TEST1 FAILED" {0 0 0};
    %jmp T_3.1;
T_3.0 ;
    %vpi_call 2 55 "$display", "TEST1 PASSED" {0 0 0};
T_3.1 ;
    %delay 2, 0;
    %pushi/vec4 5, 0, 5;
    %store/vec4 v000001d293589260_0, 0, 5;
    %pushi/vec4 2863311529, 0, 32;
    %store/vec4 v000001d293589120_0, 0, 32;
    %pushi/vec4 0, 0, 1;
    %store/vec4 v000001d293589080_0, 0, 1;
    %delay 10, 0;
    %pushi/vec4 5, 0, 5;
    %store/vec4 v000001d293589ad0_0, 0, 5;
    %delay 2, 0;
    %load/vec4 v000001d293534d50_0;
    %cmpi/ne 2863311530, 0, 32;
    %jmp/0xz  T_3.2, 6;
    %vpi_call 2 70 "$display", "TEST2 FAILED" {0 0 0};
    %jmp T_3.3;
T_3.2 ;
    %vpi_call 2 72 "$display", "TEST2 PASSED" {0 0 0};
T_3.3 ;
    %delay 2, 0;
    %pushi/vec4 4, 0, 5;
    %store/vec4 v000001d293589260_0, 0, 5;
    %pushi/vec4 2863311528, 0, 32;
    %store/vec4 v000001d293589120_0, 0, 32;
    %pushi/vec4 1, 0, 1;
    %store/vec4 v000001d293589080_0, 0, 1;
    %delay 10, 0;
    %pushi/vec4 0, 0, 1;
    %store/vec4 v000001d293589080_0, 0, 1;
    %pushi/vec4 5, 0, 5;
    %store/vec4 v000001d293589ad0_0, 0, 5;
    %pushi/vec4 4, 0, 5;
    %store/vec4 v000001d293589710_0, 0, 5;
    %delay 2, 0;
    %load/vec4 v000001d293534d50_0;
    %cmpi/ne 2863311530, 0, 32;
    %jmp/0xz  T_3.4, 6;
    %vpi_call 2 89 "$display", "TEST3 FAILED (reg5 wrong)" {0 0 0};
    %jmp T_3.5;
T_3.4 ;
    %load/vec4 v000001d293588fe0_0;
    %cmpi/ne 2863311528, 0, 32;
    %jmp/0xz  T_3.6, 6;
    %vpi_call 2 91 "$display", "TEST3 FAILED (reg4 wrong)" {0 0 0};
    %jmp T_3.7;
T_3.6 ;
    %vpi_call 2 93 "$display", "TEST3 PASSED" {0 0 0};
T_3.7 ;
T_3.5 ;
    %delay 20, 0;
    %vpi_call 2 96 "$finish" {0 0 0};
    %end;
    .thread T_3;
# The file index is used to find the file name in the following table.
:file_names 4;
    "N/A";
    "<interactive>";
    "registerFile_TB.v";
    "RegisterFile.v";
